BL51 BANKED LINKER/LOCATER V6.22                                                        03/07/2021  15:01:13  PAGE 1


BL51 BANKED LINKER/LOCATER V6.22, INVOKED BY:
C:\单片机\C51\BIN\BL51.EXE test02.obj TO test001 RAMSIZE (256)


MEMORY MODEL: SMALL


INPUT MODULES INCLUDED:
  test02.obj (TEST02)
  C:\单片机\C51\LIB\C51S.LIB (?C_STARTUP)


LINK MAP OF MODULE:  test001 (TEST02)


            TYPE    BASE      LENGTH    RELOCATION   SEGMENT NAME
            -----------------------------------------------------

            * * * * * * *   D A T A   M E M O R Y   * * * * * * *
            REG     0000H     0008H     ABSOLUTE     "REG BANK 0"
            IDATA   0008H     0001H     UNIT         ?STACK

            * * * * * * *   C O D E   M E M O R Y   * * * * * * *
            CODE    0000H     0003H     ABSOLUTE     
                    0003H     07FDH                  *** GAP ***
            CODE    0800H     003BH     UNIT         ?PR?DISPLAY?TEST02
            CODE    083BH     0012H     UNIT         ?PR?MAIN?TEST02
            CODE    084DH     000EH     UNIT         ?PR?_DELAY?TEST02
            CODE    085BH     000CH     UNIT         ?C_C51STARTUP
            CODE    0867H     000AH     UNIT         ?CO?TEST02



OVERLAY MAP OF MODULE:   test001 (TEST02)


SEGMENT
  +--> CALLED SEGMENT
---------------------
?C_C51STARTUP
  +--> ?PR?MAIN?TEST02

?PR?MAIN?TEST02
  +--> ?PR?DISPLAY?TEST02

?PR?DISPLAY?TEST02
  +--> ?CO?TEST02
  +--> ?PR?_DELAY?TEST02



SYMBOL TABLE OF MODULE:  test001 (TEST02)

  VALUE           TYPE          NAME
  ----------------------------------

  -------         MODULE        TEST02
  C:0000H         SYMBOL        _ICE_DUMMY_
BL51 BANKED LINKER/LOCATER V6.22                                                      03/07/2021  15:01:13  PAGE 2


  D:0080H         PUBLIC        P0
  D:0090H         PUBLIC        P1
  D:00A0H         PUBLIC        P2
  D:00B0H         PUBLIC        P3
  C:0867H         PUBLIC        table
  D:00A8H         PUBLIC        IE
  C:084DH         PUBLIC        _delay
  B:00A0H.0       PUBLIC        P2_0
  B:00A0H.1       PUBLIC        P2_1
  B:00A0H.2       PUBLIC        P2_2
  B:00A0H.3       PUBLIC        P2_3
  D:00B8H         PUBLIC        IP
  C:083BH         PUBLIC        main
  D:0098H         PUBLIC        SCON
  D:0088H         PUBLIC        TCON
  D:00C8H         PUBLIC        T2CON
  C:0800H         PUBLIC        display
  D:00D0H         PUBLIC        PSW
  -------         PROC          _DELAY
  D:0007H         SYMBOL        i
  -------         DO            
  D:0007H         SYMBOL        j
  D:0006H         SYMBOL        k
  -------         ENDDO         
  C:084DH         LINE#         10
  C:084DH         LINE#         11
  C:084DH         LINE#         13
  C:0853H         LINE#         14
  C:085AH         LINE#         15
  -------         ENDPROC       _DELAY
  -------         PROC          DISPLAY
  C:0800H         LINE#         17
  C:0800H         LINE#         18
  C:0800H         LINE#         20
  C:0807H         LINE#         21
  C:0809H         LINE#         22
  C:080EH         LINE#         23
  C:0810H         LINE#         25
  C:0815H         LINE#         26
  C:0817H         LINE#         27
  C:081CH         LINE#         28
  C:081EH         LINE#         30
  C:0823H         LINE#         31
  C:0825H         LINE#         32
  C:082AH         LINE#         33
  C:082CH         LINE#         35
  C:0831H         LINE#         36
  C:0833H         LINE#         37
  C:0838H         LINE#         38
  C:083AH         LINE#         40
  -------         ENDPROC       DISPLAY
  -------         PROC          MAIN
  -------         DO            
  D:0004H         SYMBOL        a
  -------         ENDDO         
  C:083BH         LINE#         43
  C:083BH         LINE#         44
BL51 BANKED LINKER/LOCATER V6.22                                                      03/07/2021  15:01:13  PAGE 3


  C:083BH         LINE#         47
  C:083BH         LINE#         48
  C:083BH         LINE#         50
  C:083FH         LINE#         51
  C:083FH         LINE#         52
  C:0842H         LINE#         53
  -------         ENDPROC       MAIN
  -------         ENDMOD        TEST02

******************************************************************************
* RESTRICTED VERSION WITH 0800H BYTE CODE SIZE LIMIT; USED: 0065H BYTE ( 4%) *
******************************************************************************

Program Size: data=9.0 xdata=0 code=116
LINK/LOCATE RUN COMPLETE.  0 WARNING(S),  0 ERROR(S)
