BL51 BANKED LINKER/LOCATER V6.22                                                        02/27/2021  21:01:30  PAGE 1


BL51 BANKED LINKER/LOCATER V6.22, INVOKED BY:
C:\µ•∆¨ª˙\C51\BIN\BL51.EXE juzhengboard.obj TO æÿ’Ûº¸≈ÃºÏ≤‚ RAMSIZE (256)


MEMORY MODEL: SMALL


INPUT MODULES INCLUDED:
  juzhengboard.obj (JUZHENGBOARD)
  C:\µ•∆¨ª˙\C51\LIB\C51S.LIB (?C_STARTUP)


LINK MAP OF MODULE:  æÿ’Ûº¸≈ÃºÏ≤‚ (JUZHENGBOARD)


            TYPE    BASE      LENGTH    RELOCATION   SEGMENT NAME
            -----------------------------------------------------

            * * * * * * *   D A T A   M E M O R Y   * * * * * * *
            REG     0000H     0008H     ABSOLUTE     "REG BANK 0"
            DATA    0008H     0002H     UNIT         ?DT?JUZHENGBOARD
            IDATA   000AH     0001H     UNIT         ?STACK

            * * * * * * *   C O D E   M E M O R Y   * * * * * * *
            CODE    0000H     0003H     ABSOLUTE     
                    0003H     07FDH                  *** GAP ***
            CODE    0800H     005BH     UNIT         ?PR?MAIN?JUZHENGBOARD
            CODE    085BH     001EH     UNIT         ?PR?_DELAY?JUZHENGBOARD
            CODE    0879H     0010H     UNIT         ?CO?JUZHENGBOARD
            CODE    0889H     000CH     UNIT         ?C_C51STARTUP



OVERLAY MAP OF MODULE:   æÿ’Ûº¸≈ÃºÏ≤‚ (JUZHENGBOARD)


SEGMENT
  +--> CALLED SEGMENT
---------------------
?C_C51STARTUP
  +--> ?PR?MAIN?JUZHENGBOARD

?PR?MAIN?JUZHENGBOARD
  +--> ?PR?_DELAY?JUZHENGBOARD
  +--> ?CO?JUZHENGBOARD



SYMBOL TABLE OF MODULE:  æÿ’Ûº¸≈ÃºÏ≤‚ (JUZHENGBOARD)

  VALUE           TYPE          NAME
  ----------------------------------

  -------         MODULE        JUZHENGBOARD
  C:0000H         SYMBOL        _ICE_DUMMY_
  D:0080H         PUBLIC        P0
  D:0090H         PUBLIC        P1
  D:00A0H         PUBLIC        P2
BL51 BANKED LINKER/LOCATER V6.22                                                      02/27/2021  21:01:30  PAGE 2


  D:00B0H         PUBLIC        P3
  C:0879H         PUBLIC        table
  D:00A8H         PUBLIC        IE
  C:085BH         PUBLIC        _delay
  D:00B8H         PUBLIC        IP
  C:0800H         PUBLIC        main
  B:00A0H.6       PUBLIC        dula
  B:00A0H.7       PUBLIC        wela
  D:0098H         PUBLIC        SCON
  D:0088H         PUBLIC        TCON
  D:0008H         PUBLIC        temp
  D:0009H         PUBLIC        num
  D:00C8H         PUBLIC        T2CON
  D:00D0H         PUBLIC        PSW
  -------         PROC          MAIN
  C:0800H         LINE#         12
  C:0800H         LINE#         13
  C:0800H         LINE#         14
  C:0802H         LINE#         15
  C:0805H         LINE#         16
  C:0807H         LINE#         17
  C:0807H         LINE#         18
  C:0807H         LINE#         19
  C:080AH         LINE#         20
  C:080DH         LINE#         21
  C:0810H         LINE#         22
  C:0816H         LINE#         23
  C:0816H         LINE#         24
  C:081DH         LINE#         25
  C:0820H         LINE#         26
  C:0823H         LINE#         27
  C:0829H         LINE#         28
  C:0829H         LINE#         29
  C:083BH         LINE#         30
  C:083BH         LINE#         31
  C:0840H         LINE#         32
  C:0845H         LINE#         33
  C:084AH         LINE#         34
  C:084DH         LINE#         35
  C:084DH         LINE#         36
  C:084FH         LINE#         37
  C:0857H         LINE#         38
  C:0859H         LINE#         39
  -------         ENDPROC       MAIN
  -------         PROC          _DELAY
  D:0006H         SYMBOL        z
  -------         DO            
  D:0006H         SYMBOL        x
  D:0004H         SYMBOL        y
  -------         ENDDO         
  C:085BH         LINE#         44
  C:085BH         LINE#         45
  C:085BH         LINE#         46
  C:0864H         LINE#         47
  C:0878H         LINE#         48
  -------         ENDPROC       _DELAY
  -------         ENDMOD        JUZHENGBOARD
BL51 BANKED LINKER/LOCATER V6.22                                                      02/27/2021  21:01:30  PAGE 3



******************************************************************************
* RESTRICTED VERSION WITH 0800H BYTE CODE SIZE LIMIT; USED: 0089H BYTE ( 6%) *
******************************************************************************

Program Size: data=11.0 xdata=0 code=152
LINK/LOCATE RUN COMPLETE.  0 WARNING(S),  0 ERROR(S)
